// Jest Snapshot v1, https://goo.gl/fbAQLP

exports[`<ProfilePicture /> should render the heading 1`] = `
<main
  class=""
>
  <h1>
    ProfilePicture
  </h1>
</main>
`;
